#1.Установите СУБД MySQL. 
#Создайте в домашней директории файл .my.cnf, задав в нем логин и пароль, который указывался при установке.

ann@ann-VirtualBox:~$ ls -la ~ | grep .my.cnf
-rw-rw-rw-  1 ann  ann     42 апр 20 20:46 .my.cnf
ann@ann-VirtualBox:~$ mysql
mysql: [Warning] World-writable config file '/home/ann/.my.cnf' is ignored.
ERROR 1045 (28000): Access denied for user 'ann'@'localhost' (using password: NO)
ann@ann-VirtualBox:~$ cat .my.cnf
[client]
user=root
password=
ann@ann-VirtualBox:~$ ls -la ~ | grep .my.cnf
-rw-rw-rw-  1 ann  ann     42 апр 20 20:46 .my.cnf
ann@ann-VirtualBox:~$ mysql
mysql: [Warning] World-writable config file '/home/ann/.my.cnf' is ignored.
ERROR 1045 (28000): Access denied for user 'ann'@'localhost' (using password: NO)
ann@ann-VirtualBox:~$ cat .my.cnf
[client]
user=root
password=
ann@ann-VirtualBox:~$ sudo chmod 0644 /home/ann/.my.cnf
[sudo] пароль для ann: 
ann@ann-VirtualBox:~$ mysql
ERROR 1045 (28000): Access denied for user 'root'@'localhost' (using password: YES)
ann@ann-VirtualBox:~$ nano .my.cnf # Указала пароль в кавычках password='***'
ann@ann-VirtualBox:~$ mysql
Welcome to the MySQL monitor.  Commands end with ; or \g.
Your MySQL connection id is 51
Server version: 8.0.19 MySQL Community Server - GPL

Copyright (c) 2000, 2020, Oracle and/or its affiliates. All rights reserved.

Oracle is a registered trademark of Oracle Corporation and/or its
affiliates. Other names may be trademarks of their respective
owners.

Type 'help;' or '\h' for help. Type '\c' to clear the current input statement.

mysql>\q
Bye
ann@ann-VirtualBox:~$ 


